177.52.0.1 - - [21/May/2021:23:58:50 -0300] "GET /css/screen/layout.css HTTP/1.1" 404 427 "https://www.scielo.br/css/screen.css" "Mozilla/5.0 (Windows NT 10.0; Win64; x64) AppleWebKit/537.36 (KHTML, like Gecko) Chrome/90.0.4430.212 Safari/537.36"
177.52.0.1 - - [21/May/2021:23:58:50 -0300] "GET /article.js HTTP/1.1" 303 8231 "https://www.scielo.br/scielo.php?pid=S1517-97022004000100004&script=sci_arttext&tlng=pt" "Mozilla/5.0 (Windows NT 10.0; Win64; x64) AppleWebKit/537.36 (KHTML, like Gecko) Chrome/90.0.4430.212 Safari/537.36"
192.168.1.1 - - [21/May/2021:23:58:50 -0300] "GET /img/en/fbpelogp.gif HTTP/1.1" 200 1353 "https://www.scielo.br/scielo.php?pid=S1517-97022004000100004&script=sci_arttext&tlng=pt" "Mozilla/5.0 (Windows NT 10.0; Win64; x64) AppleWebKit/537.36 (KHTML, like Gecko) Chrome/90.0.4430.212 Safari/537.36"
186.225.0.1 - - [21/May/2021:23:58:50 -0300] "GET /xsl/pmc/v3.0/xml.css HTTP/1.1" 304 5766 "https://www.scielo.br/scielo.php?pid=S1516-84842007000300007&script=sci_abstract&tlng=es" "Mozilla/5.0 (Windows NT 10.0; Win64; x64) AppleWebKit/537.36 (KHTML, like Gecko) Chrome/90.0.4430.212 Safari/537.36"
177.52.0.1 - - [21/May/2021:23:58:50 -0300] "GET /img/en/grp1c.gif HTTP/1.1" 303 181 "https://www.scielo.br/scielo.php?pid=S1517-97022004000100004&script=sci_arttext&tlng=pt" "Mozilla/5.0 (Windows NT 10.0; Win64; x64) AppleWebKit/537.36 (KHTML, like Gecko) Chrome/90.0.4430.212 Safari/537.36"
186.225.0.1 - - [21/May/2021:23:58:50 -0300] "GET /css/screen/general.css HTTP/1.1" 304 0 "https://www.scielo.br/scielo.php?pid=S1516-84842007000300007&script=sci_abstract&tlng=es" "Mozilla/5.0 (Windows NT 10.0; Win64; x64) AppleWebKit/537.36 (KHTML, like Gecko) Chrome/90.0.4430.212 Safari/537.36"
186.225.0.1 - - [21/May/2021:23:58:50 -0300] "GET /css/screen/styles.css HTTP/1.1" 304 0 "https://www.scielo.br/scielo.php?pid=S1516-84842007000300007&script=sci_abstract&tlng=es" "Mozilla/5.0 (Windows NT 10.0; Win64; x64) AppleWebKit/537.36 (KHTML, like Gecko) Chrome/90.0.4430.212 Safari/537.36"
45.146.0.2 - - [21/May/2021:23:58:50 -0300] "GET /scielo.php?script=sci_arttext&pid=S1984-82502015000200317 HTTP/1.1" 200 15467 "http://www.scielo.br:80/scielo.php" "-8102 OR 6187=(SELECT UPPER(XMLType(CHR(60)||CHR(58)||CHR(113)||CHR(122)||CHR(98)||CHR(122)||CHR(113)||(SELECT (CASE WHEN (6187=6187) THEN 1 ELSE 0 END) FROM DUAL)||CHR(113)||CHR(112)||CHR(122)||CHR(98)||CHR(113)||CHR(62))) FROM DUAL)-- arKY"
177.52.0.1 - - [21/May/2021:23:58:50 -0300] "GET /img/en/artsrc.gif HTTP/1.1" 502 239 "https://www.scielo.br/scielo.php?pid=S1517-97022004000100004&script=sci_arttext&tlng=pt" "Mozilla/5.0 (Windows NT 10.0; Win64; x64) AppleWebKit/537.36 (KHTML, like Gecko) Chrome/90.0.4430.212 Safari/537.36"
177.52.0.1 - - [21/May/2021:23:58:50 -0300] "GET /img/en/toc.gif HTTP/1.1" 200 164 "https://www.scielo.br/scielo.php?pid=S1517-97022004000100004&script=sci_arttext&tlng=pt" "Mozilla/5.0 (Windows NT 10.0; Win64; x64) AppleWebKit/537.36 (KHTML, like Gecko) Chrome/90.0.4430.212 Safari/537.36"
192.168.2.155 - - [21/May/2021:23:58:50 -0300] "GET /img/en/prev.gif HTTP/1.1" 200 244 "https://www.scielo.br/scielo.php?pid=S1517-97022004000100004&script=sci_arttext&tlng=pt" "Mozilla/5.0 (Windows NT 10.0; Win64; x64) AppleWebKit/537.36 (KHTML, like Gecko) Chrome/90.0.4430.212 Safari/537.36"
177.52.0.1 - - [21/May/2021:23:58:50 -0300] "GET /img/en/next.gif HTTP/1.1" 302 193 "https://www.scielo.br/scielo.php?pid=S1517-97022004000100004&script=sci_arttext&tlng=pt" "Mozilla/5.0 (Windows NT 10.0; Win64; x64) AppleWebKit/537.36 (KHTML, like Gecko) Chrome/90.0.4430.212 Safari/537.36"
177.52.0.1 - - [21/May/2021:23:58:50 -0300] "POST /img/en/author.gif HTTP/1.1" 204 219 "https://www.scielo.br/scielo.php?pid=S1517-97022004000100004&script=sci_arttext&tlng=pt" "Mozilla/5.0 (Windows NT 10.0; Win64; x64) AppleWebKit/537.36 (KHTML, like Gecko) Chrome/90.0.4430.212 Safari/537.36"
190.232.0.1 - - [21/May/20231:23:58:50 -0300] "GET /img/en/fbpelogp.gif HTTP/1.1" 301 1353 "http://www.scielo.br/scielo.php?script=sci_arttext&pid=S1809-29502015000300246&lang=es" "Mozilla/5.0 (Windows NT 10.0; WOW64) AppleWebKit/537.36 (KHTML, like Gecko) Chrome/88.0.4324.190 Safari/537.36"
177.52.0.1 - - [21/May/2021:23:58:50 -0300] "GET /img/en/subject.gif HTTP/1.1" 302 229 "https://www.scielo.br/scielo.php?pid=S1517-97022004000100004&script=sci_arttext&tlng=pt" "Mozilla/5.0 (Windows NT 10.0; Win64; x64) AppleWebKit/537.36 (KHTML, like Gecko) Chrome/90.0.4430.212 Safari/537.36"
176.88.0.1 - - [21/May/2021:23:58:50 -0300] "GET /img/en/home.gif HTTP/1.1" 200 190 "https://www.scielo.br/scielo.php?pid=S0104-66322000000400005&script=sci_arttext" "Mozilla/5.0 (Windows NT 10.0; Win64; x64) AppleWebKit/537.36 (KHTML, like Gecko) Chrome/90.0.4430.212 Safari/537.36"
190.232.0.1 - - [21/May/2021:23:58:50 -0300] "PATCH /img/en/toc.gif HTTP/1.1" 200 164 "http://www.scielo.br/scielo.php?script=sci_arttext&pid=S1809-29502015000300246&lang=es" "Mozilla/5.0 (Windows NT 10.0; WOW64) AppleWebKit/537.36 (KHTML, like Gecko) Chrome/88.0.4324.190 Safari/537.36"
177.52.0.1 - - [21/May/2021:23:58:50 -0300] "GET /img/en/search.gif HTTP/1.1" 200 210 "https://www.scielo.br/scielo.php?pid=S1517-97022004000100004&script=sci_arttext&tlng=pt" "Mozilla/5.0 (Windows NT 10.0; Win64; x64) AppleWebKit/537.36 (KHTML, like Gecko) Chrome/90.0.4430.212 Safari/537.36"
177.52.0.1 - - [21/May/2021:23:58:50 -0300] "GET /img/en/home.gif HTTP/1.1" 200 190 "https://www.scielo.br/scielo.php?pid=S1517-97022004000100004&script=sci_arttext&tlng=pt" "Mozilla/5.0 (Windows NT 10.0; Win64; x64) AppleWebKit/537.36 (KHTML, like Gecko) Chrome/90.0.4430.212 Safari/537.36"
177.52.0.1 - - [21/May/2021:23:58:50 -0300] "GET /img/en/alpha.gif HTTP/1.1" 200 220 "https://www.scielo.br/scielo.php?pid=S1517-97022004000100004&script=sci_arttext&tlng=pt" ")"
176.88.0.1 - - [21/May/2021:23:58:50 -0300] "GET /img/en/fulltxt.gif HTTP/1.1" 200 643 "https://www.scielo.br/scielo.php?pid=S0104-66322000000400005&script=sci_arttext" "Mozilla/5.0 (Windows NT 10.0; Win64; x64) AppleWebKit/537.36 (KHTML, like Gecko) Chrome/90.0.4430.212 Safari/537.36"
177.52.0.1 - - [21/May/2021:23:58:50 -0300] "GET /img/en/iconStatistics.gif HTTP/1.1" 200 1052 "https://www.scielo.br/scielo.php?pid=S1517-97022004000100004&script=sci_arttext&tlng=pt" "Mozilla/5.0 (Windows NT 10.0; Win64; x64) AppleWebKit/537.36 (KHTML, like Gecko) Chrome/90.0.4430.212 Safari/537.36"
176.88.0.1 - - [21/May/2021:23:58:50 -0300] "GET  HTTP/1.1" 200 288 "-" "Mozilla/5.0 (Windows NT 10.0; Win64; x64) AppleWebKit/537.36 (KHTML, like Gecko) Chrome/90.0.4430.212 Safari/537.36"
177.52.0.1 - - [21/May/2021:23:58:50 -0300] "GET /img/en/iconPDFDocument.gif HTTP/1.1" 200 628 "https://www.scielo.br/scielo.php?pid=S1517-97022004000100004&script=sci_arttext&tlng=pt" "Mozilla/5.0 (Windows NT 10.0; Win64; x64) AppleWebKit/537.36 (KHTML, like Gecko) Chrome/90.0.4430.212 Safari/537.36"
177.52.0.1 - - [21/May/2021:23:58:50 -0300] "GET /img/en/iconXMLDocument.gif HTTP/1.1" 200 652 "https://www.scielo.br/scielo.php?pid=S1517-97022004000100004&script=sci_arttext&tlng=pt" "Mozilla/5.0 (Windows NT 10.0; Win64; x64) AppleWebKit/537.36 (KHTML, like Gecko) Chrome/90.0.4430.212 Safari/537.36"
177.52.0.1 - - [21/May/2021:23:58:50 -0300] "GET /img/en/fulltxt.gif HTTP/1.1" 200 643 "https://www.scielo.br/scielo.php?pid=S1517-97022004000100004&script=sci_arttext&tlng=pt" "Mozilla/5.0 (Windows NT 10.0; Win64; x64) AppleWebKit/537.36 (KHTML, like Gecko) Chrome/90.0.4430.212 Safari/537.36"
177.52.0.1 - - [21/May/2021:23:58:51 -0300] "GET /img/en/lattescv-button.gif HTTP/1.1" 200 1041 "https://www.scielo.br/scielo.php?pid=S1517-97022004000100004&script=sci_arttext&tlng=pt" "Mozilla/5.0 (Windows NT 10.0; Win64; x64) AppleWebKit/537.36 (KHTML, like Gecko) Chrome/90.0.4430.212 Safari/537.36"
177.52.0.1 - - [21/May/2021:23:58:51 -0300] "GET /img/en/iconTranslation.gif HTTP/1.1" 200 578 "https://www.scielo.br/scielo.php?pid=S1517-97022004000100004&script=sci_arttext&tlng=pt" "Mozilla/5.0 (Windows NT 10.0; Win64; x64) AppleWebKit/537.36 (KHTML, like Gecko) Chrome/90.0.4430.212 Safari/537.36"
177.52.0.1 - - [21/May/2021:23:58:51 -0300] "GET /img/en/iconCitedOff.gif HTTP/1.1" 200 288 "https://www.scielo.br/scielo.php?pid=S1517-97022004000100004&script=sci_arttext&tlng=pt" "Mozilla/5.0 (Windows NT 10.0; Win64; x64) AppleWebKit/537.36 (KHTML, like Gecko) Chrome/90.0.4430.212 Safari/537.36"
177.52.0.1 - - [21/May/2021:23:58:51 -0300] "GET /img/en/iconCitedGoogleOn.gif HTTP/1.1" 200 641 "https://www.scielo.br/scielo.php?pid=S1517-97022004000100004&script=sci_arttext&tlng=pt" "Mozilla/5.0 (Windows NT 10.0; Win64; x64) AppleWebKit/537.36 (KHTML, like Gecko) Chrome/90.0.4430.212 Safari/537.36"
174.249.0.1 - - [21/May/2021:23:58:51 -0300] "GET /img/en/grp1c.gif HTTP/1.1" 200 181 "https://www.scielo.br/scielo.php?script=sci_arttext&pid=S1806-37132018000200083" "Mozilla/5.0 (Linux; Android 11; SM-N981U) AppleWebKit/537.36 (KHTML, like Gecko) Chrome/87.0.4280.101 Mobile Safari/537.36"
177.52.0.1 - - [21/May/2021:23:58:51 -0300] "GET /img/en/iconRelatedOff.gif HTTP/1.1" 200 262 "https://www.scielo.br/scielo.php?pid=S1517-97022004000100004&script=sci_arttext&tlng=pt" "Mozilla/5.0 (Windows NT 10.0; Win64; x64) AppleWebKit/537.36 (KHTML, like Gecko) Chrome/90.0.4430.212 Safari/537.36"
191.240.0.2 - - [21/May/2021:23:58:51 -0300] "GET /xsl/plus/static/css/responsive.css HTTP/1.1" 200 16842 "https://www.scielo.br/scielo.php?pid=S1415-65552014000600874&script=sci_arttext_plus&tlng=pt" "Mozilla/5.0 (Linux; Android 8.1.0; SM-J260MU) AppleWebKit/537.36 (KHTML, like Gecko) Chrome/90.0.4430.210 Mobile Safari/537.36"
177.52.0.1 - - [21/May/2021:23:58:51 -0300] "GET /img/en/iconRelatedGoogleOn.gif HTTP/1.1" 200 625 "https://www.scielo.br/scielo.php?pid=S1517-97022004000100004&script=sci_arttext&tlng=pt" "Mozilla/5.0 (Windows NT 10.0; Win64; x64) AppleWebKit/537.36 (KHTML, like Gecko) Chrome/90.0.4430.212 Safari/537.36"
177.52.0.1 - - [21/May/2021:23:58:51 -0300] "GET /img/common/iconPermalink.gif HTTP/1.1" 200 382 "https://www.scielo.br/scielo.php?pid=S1517-97022004000100004&script=sci_arttext&tlng=pt" "Mozilla/5.0 (Windows NT 10.0; Win64; x64) AppleWebKit/537.36 (KHTML, like Gecko) Chrome/90.0.4430.212 Safari/537.36"
177.52.0.1 - - [21/May/2021:23:58:51 -0300] "GET /img/common/icon-close.png HTTP/1.1" 200 3091 "https://www.scielo.br/scielo.php?pid=S1517-97022004000100004&script=sci_arttext&tlng=pt" "Mozilla/5.0 (Windows NT 10.0; Win64; x64) AppleWebKit/537.36 (KHTML, like Gecko) Chrome/90.0.4430.212 Safari/537.36"
190.232.0.1 - - [21/May/2021:23:58:51 -0300] "GET /img/en/home.gif HTTP/1.1" 200 190 "http://www.scielo.br/scielo.php?script=sci_arttext&pid=S1809-29502015000300246&lang=es" "Mozilla/5.0 (Windows NT 10.0; WOW64) AppleWebKit/537.36 (KHTML, like Gecko) Chrome/88.0.4324.190 Safari/537.36"
190.232.0.1 - - [21/May/2021:23:58:51 -0300] "GET /img/en/subject.gif HTTP/1.1" 200 229 "http://www.scielo.br/scielo.php?script=sci_arttext&pid=S1809-29502015000300246&lang=es" "Mozilla/5.0 (Windows NT 10.0; WOW64) AppleWebKit/537.36 (KHTML, like Gecko) Chrome/88.0.4324.190 Safari/537.36"
176.88.0.1 - - [21/May/2021:23:58:51 -0300] "GET /img/en/iconTranslation.gif HTTP/1.1" 200 578 "https://www.scielo.br/scielo.php?pid=S0104-66322000000400005&script=sci_arttext" "Mozilla/5.0 (Windows NT 10.0; Win64; x64) AppleWebKit/537.36 (KHTML, like Gecko) Chrome/90.0.4430.212 Safari/537.36"
177.52.0.1 - - [21/May/2021:23:58:51 -0300] "GET /img/revistas/ep/v30n1/a04tab01.gif HTTP/1.1" 200 47388 "https://www.scielo.br/scielo.php?pid=S1517-97022004000100004&script=sci_arttext&tlng=pt" "Mozilla/5.0 (Windows NT 10.0; Win64; x64) AppleWebKit/537.36 (KHTML, like Gecko) Chrome/90.0.4430.212 Safari/537.36"
176.88.0.1 - - [21/May/2021:23:58:51 -0300] "GET /img/en/lattescv-button.gif HTTP/1.1" 200 1041 "https://www.scielo.br/scielo.php?pid=S0104-66322000000400005&script=sci_arttext" "Mozilla/5.0 (Windows NT 10.0; Win64; x64) AppleWebKit/537.36 (KHTML, like Gecko) Chrome/90.0.4430.212 Safari/537.36"
177.52.0.1 - - [21/May/2021:23:58:51 -0300] "GET /img/revistas/ep/v30n1/seta.gif HTTP/1.1" 200 164 "https://www.scielo.br/scielo.php?pid=S1517-97022004000100004&script=sci_arttext&tlng=pt" "Mozilla/5.0 (Windows NT 10.0; Win64; x64) AppleWebKit/537.36 (KHTML, like Gecko) Chrome/90.0.4430.212 Safari/537.36"
186.225.0.1 - - [21/May/2021:23:58:51 -0300] "GET /article.js HTTP/1.1" 304 0 "https://www.scielo.br/scielo.php?pid=S1516-84842007000300007&script=sci_abstract&tlng=es" "Mozilla/5.0 (Windows NT 10.0; Win64; x64) AppleWebKit/537.36 (KHTML, like Gecko) Chrome/90.0.4430.212 Safari/537.36"
176.88.0.1 - - [21/May/2021:23:58:51 -0300] "GET /img/en/iconRelatedOff.gif HTTP/1.1" 200 262 "https://www.scielo.br/scielo.php?pid=S0104-66322000000400005&script=sci_arttext" "Mozilla/5.0 (Windows NT 10.0; Win64; x64) AppleWebKit/537.36 (KHTML, like Gecko) Chrome/90.0.4430.212 Safari/537.36"
177.52.0.1 - - [21/May/2021:23:58:51 -0300] "GET /img/revistas/ep/v30n1/a04img01.gif HTTP/1.1" 200 115469 "https://www.scielo.br/scielo.php?pid=S1517-97022004000100004&script=sci_arttext&tlng=pt" "Mozilla/5.0 (Windows NT 10.0; Win64; x64) AppleWebKit/537.36 (KHTML, like Gecko) Chrome/90.0.4430.212 Safari/537.36"
191.240.0.2 - - [21/May/2021:23:58:51 -0300] "GET /xsl/plus/static/css/style.css HTTP/1.1" 200 14769 "https://www.scielo.br/scielo.php?pid=S1415-65552014000600874&script=sci_arttext_plus&tlng=pt" "Mozilla/5.0 (Linux; Android 8.1.0; SM-J260MU) AppleWebKit/537.36 (KHTML, like Gecko) Chrome/90.0.4430.210 Mobile Safari/537.36"
177.185.0.0 - - [21/May/2021:23:58:51 -0300] "GET /scielo.php?script=sci_arttext&pid=S1679-39512005000100007 HTTP/1.1" 200 37818 "http://www.google.com/" "Mozilla/5.0 (Linux; Android 9; SM-G9600) AppleWebKit/537.36 (KHTML, like Gecko) Chrome/90.0.4430.210 Mobile Safari/537.36"
186.225.0.1 - - [21/May/2021:23:58:51 -0300] "GET /img/en/fbpelogp.gif HTTP/1.1" 304 0 "https://www.scielo.br/scielo.php?pid=S1516-84842007000300007&script=sci_abstract&tlng=es" "Mozilla/5.0 (Windows NT 10.0; Win64; x64) AppleWebKit/537.36 (KHTML, like Gecko) Chrome/90.0.4430.212 Safari/537.36"
174.249.0.1 - - [21/May/2021:23:58:51 -0300] "GET /img/en/iconTranslation.gif HTTP/1.1" 200 578 "https://www.scielo.br/scielo.php?script=sci_arttext&pid=S1806-37132018000200083" "Mozilla/5.0 (Linux; Android 11; SM-N981U) AppleWebKit/537.36 (KHTML, like Gecko) Chrome/87.0.4280.101 Mobile Safari/537.36"
138.97.0.1 - - [21/May/2021:23:58:51 -0300] "GET /scielo.php?pid=S0100-40422017000700791&script=sci_arttext&tlng=pt HTTP/1.1" 200 35262 "https://scholar.google.com.br/" "Mozilla/5.0 (Windows NT 10.0; Win64; x64) AppleWebKit/537.36 (KHTML, like Gecko) Chrome/90.0.4430.212 Safari/537.36"
177.52.0.1 - - [21/May/2021:23:58:51 -0300] "GET /img/revistas/ep/v30n1/a04img02.gif HTTP/1.1" 200 108500 "https://www.scielo.br/scielo.php?pid=S1517-97022004000100004&script=sci_arttext&tlng=pt" "Mozilla/5.0 (Windows NT 10.0; Win64; x64) AppleWebKit/537.36 (KHTML, like Gecko) Chrome/90.0.4430.212 Safari/537.36"
186.225.0.1 - - [21/May/2021:23:58:51 -0300] "GET /img/en/grp1c.gif HTTP/1.1" 304 0 "https://www.scielo.br/scielo.php?pid=S1516-84842007000300007&script=sci_abstract&tlng=es" "Mozilla/5.0 (Windows NT 10.0; Win64; x64) AppleWebKit/537.36 (KHTML, like Gecko) Chrome/90.0.4430.212 Safari/537.36"
190.232.0.1 - - [21/May/2021:23:58:51 -0300] "GET /img/en/search.gif HTTP/1.1" 200 210 "http://www.scielo.br/scielo.php?script=sci_arttext&pid=S1809-29502015000300246&lang=es" "Mozilla/5.0 (Windows NT 10.0; WOW64) AppleWebKit/537.36 (KHTML, like Gecko) Chrome/88.0.4324.190 Safari/537.36"
177.52.0.1 - - [21/May/2021:23:58:51 -0300] "GET /img/revistas/ep/v30n1/a04img03.gif HTTP/1.1" 200 51911 "https://www.scielo.br/scielo.php?pid=S1517-97022004000100004&script=sci_arttext&tlng=pt" "Mozilla/5.0 (Windows NT 10.0; Win64; x64) AppleWebKit/537.36 (KHTML, like Gecko) Chrome/90.0.4430.212 Safari/537.36"
45.146.0.2 - - [21/May/2021:23:58:51 -0300] "HEAD /scielo.php?script=sci_arttext&pid=S1984-82502011000200005 HTTP/1.1" 200 19267 "http://www.scielo.br:80/scielo.php',(CAST((CHR(113)||CHR(98)||CHR(113)||CHR(98)||CHR(113))||(SELECT (CASE WHEN (3633=3633) THEN 1 ELSE 0 END))::text||(CHR(113)||CHR(98)||CHR(98)||CHR(107)||CHR(113)) AS NUMERIC))-- iAjd" "Mozilla/5.0 (Macintosh; U; PPC Mac OS X; fr-fr) AppleWebKit/125.5.5 (KHTML, like Gecko) Safari/125.11"
190.232.0.1 - - [21/May/2021:23:58:51 -0300] "GET /img/en/iconStatistics.gif HTTP/1.1" 200 1052 "http://www.scielo.br/scielo.php?script=sci_arttext&pid=S1809-29502015000300246&lang=es" "Mozilla/5.0 (Windows NT 10.0; WOW64) AppleWebKit/537.36 (KHTML, like Gecko) Chrome/88.0.4324.190 Safari/537.36"
177.52.0.1 - - [21/May/2021:23:58:51 -0300] "GET /img/en/e-mailt.gif HTTP/1.1" 200 586 "https://www.scielo.br/scielo.php?pid=S1517-97022004000100004&script=sci_arttext&tlng=pt" "Mozilla/5.0 (Windows NT 10.0; Win64; x64) AppleWebKit/537.36 (KHTML, like Gecko) Chrome/90.0.4430.212 Safari/537.36"
176.88.0.1 - - [21/May/2021:23:58:51 -0300] "GET /img/en/iconCitedGoogleOn.gif HTTP/1.1" 200 641 "https://www.scielo.br/scielo.php?pid=S0104-66322000000400005&script=sci_arttext" "Mozilla/5.0 (Windows NT 10.0; Win64; x64) AppleWebKit/537.36 (KHTML, like Gecko) Chrome/90.0.4430.212 Safari/537.36"
186.225.0.1 - - [21/May/2021:23:58:51 -0300] "GET /img/en/artsrc.gif HTTP/1.1" 304 0 "https://www.scielo.br/scielo.php?pid=S1516-84842007000300007&script=sci_abstract&tlng=es" "Mozilla/5.0 (Windows NT 10.0; Win64; x64) AppleWebKit/537.36 (KHTML, like Gecko) Chrome/90.0.4430.212 Safari/537.36"
186.225.0.1 - - [21/May/2021:23:58:51 -0300] "GET /img/en/toc.gif HTTP/1.1" 304 0 "https://www.scielo.br/scielo.php?pid=S1516-84842007000300007&script=sci_abstract&tlng=es" "Mozilla/5.0 (Windows NT 10.0; Win64; x64) AppleWebKit/537.36 (KHTML, like Gecko) Chrome/90.0.4430.212 Safari/537.36"
138.97.0.1 - - [21/May/2021:23:58:51 -0300] "GET /css/screen.css HTTP/1.1" 200 89 "https://www.scielo.br/scielo.php?pid=S0100-40422017000700791&script=sci_arttext&tlng=pt" "Mozilla/5.0 (Windows NT 10.0; Win64; x64) AppleWebKit/537.36 (KHTML, like Gecko) Chrome/90.0.4430.212 Safari/537.36"
176.88.0.1 - - [21/May/2021:23:58:51 -0300] "GET /img/common/iconPermalink.gif HTTP/1.1" 200 382 "https://www.scielo.br/scielo.php?pid=S0104-66322000000400005&script=sci_arttext" "Mozilla/5.0 (Windows NT 10.0; Win64; x64) AppleWebKit/537.36 (KHTML, like Gecko) Chrome/90.0.4430.212 Safari/537.36"
186.225.0.1 - - [21/May/2021:23:58:51 -0300] "GET /img/en/prev.gif HTTP/1.1" 304 0 "https://www.scielo.br/scielo.php?pid=S1516-84842007000300007&script=sci_abstract&tlng=es" "Mozilla/5.0 (Windows NT 10.0; Win64; x64) AppleWebKit/537.36 (KHTML, like Gecko) Chrome/90.0.4430.212 Safari/537.36"
176.88.0.1 - - [21/May/2021:23:58:51 -0300] "GET /img/en/iconRelatedGoogleOn.gif HTTP/1.1" 200 625 "https://www.scielo.br/scielo.php?pid=S0104-66322000000400005&script=sci_arttext" "Mozilla/5.0 (Windows NT 10.0; Win64; x64) AppleWebKit/537.36 (KHTML, like Gecko) Chrome/90.0.4430.212 Safari/537.36"
174.249.0.1 - - [21/May/2021:23:58:51 -0300] "GET /img/en/home.gif HTTP/1.1" 200 190 "https://www.scielo.br/scielo.php?script=sci_arttext&pid=S1806-37132018000200083" "Mozilla/5.0 (Linux; Android 11; SM-N981U) AppleWebKit/537.36 (KHTML, like Gecko) Chrome/87.0.4280.101 Mobile Safari/537.36"
177.17.0.0 - - [21/May/2021:23:58:51 -0300] "GET /img/pt/fbpelogp.gif HTTP/1.1" 200 1353 "https://www.scielo.br/scielo.php?script=sci_arttext&pid=S1415-43662015000600534&lng=pt&tlng=pt" "Mozilla/5.0 (Linux; Android 10; SM-A105M) AppleWebKit/537.36 (KHTML, like Gecko) Chrome/90.0.4430.210 Mobile Safari/537.36"
177.17.0.0 - - [21/May/2021:23:58:51 -0300] "GET /img/pt/artsrc.gif HTTP/1.1" 200 270 "https://www.scielo.br/scielo.php?script=sci_arttext&pid=S1415-43662015000600534&lng=pt&tlng=pt" "Mozilla/5.0 (Linux; Android 10; SM-A105M) AppleWebKit/537.36 (KHTML, like Gecko) Chrome/90.0.4430.210 Mobile Safari/537.36"
45.146.0.2 - - [21/May/2021:23:58:51 -0300] "GET /scielo.php?script=sci_arttext&pid=S1984-82502015000200317 HTTP/1.1" 200 15467 "http://www.scielo.br:80/scielo.php" "-2051 OR 6187=(SELECT UPPER(XMLType(CHR(60)||CHR(58)||CHR(113)||CHR(122)||CHR(98)||CHR(122)||CHR(113)||(SELECT (CASE WHEN (6187=6187) THEN 1 ELSE 0 END) FROM DUAL)||CHR(113)||CHR(112)||CHR(122)||CHR(98)||CHR(113)||CHR(62))) FROM DUAL)# Gheq"
138.97.0.1 - - [21/May/2021:23:58:51 -0300] "GET /xsl/pmc/v3.0/xml.css HTTP/1.1" 200 5766 "https://www.scielo.br/scielo.php?pid=S0100-40422017000700791&script=sci_arttext&tlng=pt" "Mozilla/5.0 (Windows NT 10.0; Win64; x64) AppleWebKit/537.36 (KHTML, like Gecko) Chrome/90.0.4430.212 Safari/537.36"
186.225.0.1 - - [21/May/2021:23:58:51 -0300] "GET /img/en/next.gif HTTP/1.1" 304 0 "https://www.scielo.br/scielo.php?pid=S1516-84842007000300007&script=sci_abstract&tlng=es" "Mozilla/5.0 (Windows NT 10.0; Win64; x64) AppleWebKit/537.36 (KHTML, like Gecko) Chrome/90.0.4430.212 Safari/537.36"
114.119.0.0 - - [21/May/2021:23:58:51 -0300] "GET /scielo.php?script=sci_abstract&pid=S0104-59702008000200001&lng=pt&nrm=iso&tlng=pt HTTP/1.1" 404 574 "-" "Mozilla/5.0 (Linux; Android 7.0;) AppleWebKit/537.36 (KHTML, like Gecko) Mobile Safari/537.36 (compatible; PetalBot;+https://webmaster.petalsearch.com/site/petalbot)"
45.70.0.0 - - [21/May/2021:23:58:51 -0300] "GET /pdf/ld/v16n2/1518-7632-ld-16-02-00261.pdf HTTP/1.1" 200 937525 "https://www.google.com/" "Mozilla/5.0 (Windows NT 10.0; Win64; x64) AppleWebKit/537.36 (KHTML, like Gecko) Chrome/90.0.4430.212 Safari/537.36"
211.218.0.2 - - [21/May/2021:23:58:51 -0300] "GET /img/revistas/rb/v48n6//0100-3984-rb-48-06-0345-gf02.jpg HTTP/1.1" 200 471319 "https://www.google.com/" "Mozilla/5.0 (Windows NT 10.0; Win64; x64) AppleWebKit/537.36 (KHTML, like Gecko) Chrome/90.0.4430.212 Safari/537.36"
177.52.0.1 - - [21/May/2021:23:58:51 -0300] "GET /css/screen/styles.css HTTP/1.1" 200 3572 "https://www.scielo.br/css/screen.css" "Mozilla/5.0 (Windows NT 10.0; Win64; x64) AppleWebKit/537.36 (KHTML, like Gecko) Chrome/90.0.4430.212 Safari/537.36"
186.225.0.1 - - [21/May/2021:23:58:51 -0300] "GET /css/screen/layout.css HTTP/1.1" 304 0 "https://www.scielo.br/scielo.php?pid=S1516-84842007000300007&script=sci_abstract&tlng=es" "Mozilla/5.0 (Windows NT 10.0; Win64; x64) AppleWebKit/537.36 (KHTML, like Gecko) Chrome/90.0.4430.212 Safari/537.36"
190.232.0.1 - - [21/May/2021:23:58:51 -0300] "GET /img/en/prev.gif HTTP/1.1" 200 244 "http://www.scielo.br/scielo.php?script=sci_arttext&pid=S1809-29502015000300246&lang=es" "Mozilla/5.0 (Windows NT 10.0; WOW64) AppleWebKit/537.36 (KHTML, like Gecko) Chrome/88.0.4324.190 Safari/537.36"
190.232.0.1 - - [21/May/2021:23:58:51 -0300] "GET /img/en/artsrc.gif HTTP/1.1" 200 239 "http://www.scielo.br/scielo.php?script=sci_arttext&pid=S1809-29502015000300246&lang=es" "Mozilla/5.0 (Windows NT 10.0; WOW64) AppleWebKit/537.36 (KHTML, like Gecko) Chrome/88.0.4324.190 Safari/537.36"
190.232.0.1 - - [21/May/2021:23:58:51 -0300] "GET /img/en/grp1c.gif HTTP/1.1" 200 181 "http://www.scielo.br/scielo.php?script=sci_arttext&pid=S1809-29502015000300246&lang=es" "Mozilla/5.0 (Windows NT 10.0; WOW64) AppleWebKit/537.36 (KHTML, like Gecko) Chrome/88.0.4324.190 Safari/537.36"
190.232.0.1 - - [21/May/2021:23:58:51 -0300] "GET /img/en/next.gif HTTP/1.1" 200 193 "http://www.scielo.br/scielo.php?script=sci_arttext&pid=S1809-29502015000300246&lang=es" "Mozilla/5.0 (Windows NT 10.0; WOW64) AppleWebKit/537.36 (KHTML, like Gecko) Chrome/88.0.4324.190 Safari/537.36"
176.88.0.1 - - [21/May/2021:23:58:51 -0300] "GET /img/en/alpha.gif HTTP/1.1" 200 220 "https://www.scielo.br/scielo.php?pid=S0104-66322000000400005&script=sci_arttext" "Mozilla/5.0 (Windows NT 10.0; Win64; x64) AppleWebKit/537.36 (KHTML, like Gecko) Chrome/90.0.4430.212 Safari/537.36"
176.88.0.1 - - [21/May/2021:23:58:51 -0300] "GET /img/en/next.gif HTTP/1.1" 200 193 "https://www.scielo.br/scielo.php?pid=S0104-66322000000400005&script=sci_arttext" "Mozilla/5.0 (Windows NT 10.0; Win64; x64) AppleWebKit/537.36 (KHTML, like Gecko) Chrome/90.0.4430.212 Safari/537.36"
176.88.0.1 - - [21/May/2021:23:58:51 -0300] "GET /img/en/iconXMLDocument.gif HTTP/1.1" 200 652 "https://www.scielo.br/scielo.php?pid=S0104-66322000000400005&script=sci_arttext" "Mozilla/5.0 (Windows NT 10.0; Win64; x64) AppleWebKit/537.36 (KHTML, like Gecko) Chrome/90.0.4430.212 Safari/537.36"
174.249.0.1 - - [21/May/2021:23:58:51 -0300] "GET /img/en/artsrc.gif HTTP/1.1" 200 239 "https://www.scielo.br/scielo.php?script=sci_arttext&pid=S1806-37132018000200083" "Mozilla/5.0 (Linux; Android 11; SM-N981U) AppleWebKit/537.36 (KHTML, like Gecko) Chrome/87.0.4280.101 Mobile Safari/537.36"
174.249.0.1 - - [21/May/2021:23:58:51 -0300] "GET /img/en/fbpelogp.gif HTTP/1.1" 200 1353 "https://www.scielo.br/scielo.php?script=sci_arttext&pid=S1806-37132018000200083" "Mozilla/5.0 (Linux; Android 11; SM-N981U) AppleWebKit/537.36 (KHTML, like Gecko) Chrome/87.0.4280.101 Mobile Safari/537.36"
174.249.0.1 - - [21/May/2021:23:58:51 -0300] "GET /img/en/toc.gif HTTP/1.1" 200 164 "https://www.scielo.br/scielo.php?script=sci_arttext&pid=S1806-37132018000200083" "Mozilla/5.0 (Linux; Android 11; SM-N981U) AppleWebKit/537.36 (KHTML, like Gecko) Chrome/87.0.4280.101 Mobile Safari/537.36"
174.249.0.1 - - [21/May/2021:23:58:51 -0300] "GET /img/en/prev.gif HTTP/1.1" 200 244 "https://www.scielo.br/scielo.php?script=sci_arttext&pid=S1806-37132018000200083" "Mozilla/5.0 (Linux; Android 11; SM-N981U) AppleWebKit/537.36 (KHTML, like Gecko) Chrome/87.0.4280.101 Mobile Safari/537.36"
174.249.0.1 - - [21/May/2021:23:58:51 -0300] "GET /img/en/next.gif HTTP/1.1" 200 193 "https://www.scielo.br/scielo.php?script=sci_arttext&pid=S1806-37132018000200083" "Mozilla/5.0 (Linux; Android 11; SM-N981U) AppleWebKit/537.36 (KHTML, like Gecko) Chrome/87.0.4280.101 Mobile Safari/537.36"
177.17.0.0 - - [21/May/2021:23:58:51 -0300] "GET /img/pt/grp1c.gif HTTP/1.1" 200 202 "https://www.scielo.br/scielo.php?script=sci_arttext&pid=S1415-43662015000600534&lng=pt&tlng=pt" "Mozilla/5.0 (Linux; Android 10; SM-A105M) AppleWebKit/537.36 (KHTML, like Gecko) Chrome/90.0.4430.210 Mobile Safari/537.36"
157.38.0.1 - - [21/May/2021:23:58:51 -0300] "GET /scielo.php?script=sci_arttext&pid=S0103-50532011000300020 HTTP/1.1" 200 15815 "https://www.google.com/" "Mozilla/5.0 (Linux; Android 8.1.0; Redmi Note 5) AppleWebKit/537.36 (KHTML, like Gecko) Chrome/90.0.4430.210 Mobile Safari/537.36"
177.185.0.0 - - [21/May/2021:23:58:51 -0300] "GET /css/screen.css HTTP/1.1" 200 89 "https://www.scielo.br/scielo.php?script=sci_arttext&pid=S1679-39512005000100007" "Mozilla/5.0 (Linux; Android 9; SM-G9600) AppleWebKit/537.36 (KHTML, like Gecko) Chrome/90.0.4430.210 Mobile Safari/537.36"
186.225.0.1 - - [21/May/2021:23:58:51 -0300] "GET /img/en/author.gif HTTP/1.1" 304 0 "https://www.scielo.br/scielo.php?pid=S1516-84842007000300007&script=sci_abstract&tlng=es" "Mozilla/5.0 (Windows NT 10.0; Win64; x64) AppleWebKit/537.36 (KHTML, like Gecko) Chrome/90.0.4430.212 Safari/537.36"
138.97.0.1 - - [21/May/2021:23:58:51 -0300] "GET /css/screen/general.css HTTP/1.1" 200 133 "https://www.scielo.br/css/screen.css" "Mozilla/5.0 (Windows NT 10.0; Win64; x64) AppleWebKit/537.36 (KHTML, like Gecko) Chrome/90.0.4430.212 Safari/537.36"
138.97.0.1 - - [21/May/2021:23:58:51 -0300] "GET /css/screen/layout.css HTTP/1.1" 200 427 "https://www.scielo.br/css/screen.css" "Mozilla/5.0 (Windows NT 10.0; Win64; x64) AppleWebKit/537.36 (KHTML, like Gecko) Chrome/90.0.4430.212 Safari/537.36"
186.225.0.1 - - [21/May/2021:23:58:51 -0300] "GET /img/en/subject.gif HTTP/1.1" 304 0 "https://www.scielo.br/scielo.php?pid=S1516-84842007000300007&script=sci_abstract&tlng=es" "Mozilla/5.0 (Windows NT 10.0; Win64; x64) AppleWebKit/537.36 (KHTML, like Gecko) Chrome/90.0.4430.212 Safari/537.36"
177.185.0.0 - - [21/May/2021:23:58:51 -0300] "GET /applications/scielo-org/js/toolbox.js HTTP/1.1" 200 3653 "https://www.scielo.br/scielo.php?script=sci_arttext&pid=S1679-39512005000100007" "Mozilla/5.0 (Linux; Android 9; SM-G9600) AppleWebKit/537.36 (KHTML, like Gecko) Chrome/90.0.4430.210 Mobile Safari/537.36"
186.225.0.1 - - [21/May/2021:23:58:51 -0300] "GET /img/en/search.gif HTTP/1.1" 304 0 "https://www.scielo.br/scielo.php?pid=S1516-84842007000300007&script=sci_abstract&tlng=es" "Mozilla/5.0 (Windows NT 10.0; Win64; x64) AppleWebKit/537.36 (KHTML, like Gecko) Chrome/90.0.4430.212 Safari/537.36"
186.225.0.1 - - [21/May/2021:23:58:51 -0300] "GET /img/en/home.gif HTTP/1.1" 304 0 "https://www.scielo.br/scielo.php?pid=S1516-84842007000300007&script=sci_abstract&tlng=es" "Mozilla/5.0 (Windows NT 10.0; Win64; x64) AppleWebKit/537.36 (KHTML, like Gecko) Chrome/90.0.4430.212 Safari/537.36"
186.225.0.1 - - [21/May/2021:23:58:51 -0300] "GET /img/en/alpha.gif HTTP/1.1" 304 0 "https://www.scielo.br/scielo.php?pid=S1516-84842007000300007&script=sci_abstract&tlng=es" "Mozilla/5.0 (Windows NT 10.0; Win64; x64) AppleWebKit/537.36 (KHTML, like Gecko) Chrome/90.0.4430.212 Safari/537.36"
138.97.0.1 - - [21/May/2021:23:58:51 -0300] "GET /css/screen/styles.css HTTP/1.1" 200 3572 "https://www.scielo.br/css/screen.css" "Mozilla/5.0 (Windows NT 10.0; Win64; x64) AppleWebKit/537.36 (KHTML, like Gecko) Chrome/90.0.4430.212 Safari/537.36"
186.225.0.1 - - [21/May/2021:23:58:51 -0300] "GET /img/en/iconStatistics.gif HTTP/1.1" 304 0 "https://www.scielo.br/scielo.php?pid=S1516-84842007000300007&script=sci_abstract&tlng=es" "Mozilla/5.0 (Windows NT 10.0; Win64; x64) AppleWebKit/537.36 (KHTML, like Gecko) Chrome/90.0.4430.212 Safari/537.36"
138.97.0.1 - - [21/May/2021:23:58:51 -0300] "GET /article.js HTTP/1.1" 200 8231 "https://www.scielo.br/scielo.php?pid=S0100-40422017000700791&script=sci_arttext&tlng=pt" "Mozilla/5.0 (Windows NT 10.0; Win64; x64) AppleWebKit/537.36 (KHTML, like Gecko) Chrome/90.0.4430.212 Safari/537.36"
186.225.0.1 - - [21/May/2021:23:58:51 -0300] "GET /img/en/iconPDFDocument.gif HTTP/1.1" 304 0 "https://www.scielo.br/scielo.php?pid=S1516-84842007000300007&script=sci_abstract&tlng=es" "Mozilla/5.0 (Windows NT 10.0; Win64; x64) AppleWebKit/537.36 (KHTML, like Gecko) Chrome/90.0.4430.212 Safari/537.36"
186.225.0.1 - - [21/May/2021:23:58:51 -0300] "GET /img/en/iconXMLDocument.gif HTTP/1.1" 304 0 "https://www.scielo.br/scielo.php?pid=S1516-84842007000300007&script=sci_abstract&tlng=es" "Mozilla/5.0 (Windows NT 10.0; Win64; x64) AppleWebKit/537.36 (KHTML, like Gecko) Chrome/90.0.4430.212 Safari/537.36"
190.232.0.1 - - [21/May/2021:23:58:51 -0300] "GET /img/en/author.gif HTTP/1.1" 200 219 "http://www.scielo.br/scielo.php?script=sci_arttext&pid=S1809-29502015000300246&lang=es" "Mozilla/5.0 (Windows NT 10.0; WOW64) AppleWebKit/537.36 (KHTML, like Gecko) Chrome/88.0.4324.190 Safari/537.36"
191.240.0.2 - - [21/May/2021:23:58:51 -0300] "GET /xsl/plus/static/js/modernizr.custom.js HTTP/1.1" 200 11295 "https://www.scielo.br/scielo.php?pid=S1415-65552014000600874&script=sci_arttext_plus&tlng=pt" "Mozilla/5.0 (Linux; Android 8.1.0; SM-J260MU) AppleWebKit/537.36 (KHTML, like Gecko) Chrome/90.0.4430.210 Mobile Safari/537.36"
177.185.0.0 - - [21/May/2021:23:58:51 -0300] "GET /applications/scielo-org/js/jquery-1.4.2.min.js HTTP/1.1" 200 72174 "https://www.scielo.br/scielo.php?script=sci_arttext&pid=S1679-39512005000100007" "Mozilla/5.0 (Linux; Android 9; SM-G9600) AppleWebKit/537.36 (KHTML, like Gecko) Chrome/90.0.4430.210 Mobile Safari/537.36"
190.232.0.1 - - [21/May/2021:23:58:51 -0300] "GET /img/en/alpha.gif HTTP/1.1" 200 220 "http://www.scielo.br/scielo.php?script=sci_arttext&pid=S1809-29502015000300246&lang=es" "Mozilla/5.0 (Windows NT 10.0; WOW64) AppleWebKit/537.36 (KHTML, like Gecko) Chrome/88.0.4324.190 Safari/537.36"
177.185.0.0 - - [21/May/2021:23:58:51 -0300] "GET /css/screen/general.css HTTP/1.1" 200 133 "https://www.scielo.br/css/screen.css" "Mozilla/5.0 (Linux; Android 9; SM-G9600) AppleWebKit/537.36 (KHTML, like Gecko) Chrome/90.0.4430.210 Mobile Safari/537.36"
177.185.0.0 - - [21/May/2021:23:58:51 -0300] "GET /css/screen/layout.css HTTP/1.1" 200 427 "https://www.scielo.br/css/screen.css" "Mozilla/5.0 (Linux; Android 9; SM-G9600) AppleWebKit/537.36 (KHTML, like Gecko) Chrome/90.0.4430.210 Mobile Safari/537.36"
177.185.0.0 - - [21/May/2021:23:58:51 -0300] "GET /css/screen/styles.css HTTP/1.1" 200 3572 "https://www.scielo.br/css/screen.css" "Mozilla/5.0 (Linux; Android 9; SM-G9600) AppleWebKit/537.36 (KHTML, like Gecko) Chrome/90.0.4430.210 Mobile Safari/537.36"
186.225.0.1 - - [21/May/2021:23:58:51 -0300] "GET /img/en/fulltxt.gif HTTP/1.1" 304 0 "https://www.scielo.br/scielo.php?pid=S1516-84842007000300007&script=sci_abstract&tlng=es" "Mozilla/5.0 (Windows NT 10.0; Win64; x64) AppleWebKit/537.36 (KHTML, like Gecko) Chrome/90.0.4430.212 Safari/537.36"
186.225.0.1 - - [21/May/2021:23:58:51 -0300] "GET /img/en/iconTranslation.gif HTTP/1.1" 304 0 "https://www.scielo.br/scielo.php?pid=S1516-84842007000300007&script=sci_abstract&tlng=es" "Mozilla/5.0 (Windows NT 10.0; Win64; x64) AppleWebKit/537.36 (KHTML, like Gecko) Chrome/90.0.4430.212 Safari/537.36"
186.225.0.1 - - [21/May/2021:23:58:51 -0300] "GET /img/en/iconCitedOff.gif HTTP/1.1" 304 0 "https://www.scielo.br/scielo.php?pid=S1516-84842007000300007&script=sci_abstract&tlng=es" "Mozilla/5.0 (Windows NT 10.0; Win64; x64) AppleWebKit/537.36 (KHTML, like Gecko) Chrome/90.0.4430.212 Safari/537.36"
186.225.0.1 - - [21/May/2021:23:58:51 -0300] "GET /img/en/iconCitedGoogleOn.gif HTTP/1.1" 304 0 "https://www.scielo.br/scielo.php?pid=S1516-84842007000300007&script=sci_abstract&tlng=es" "Mozilla/5.0 (Windows NT 10.0; Win64; x64) AppleWebKit/537.36 (KHTML, like Gecko) Chrome/90.0.4430.212 Safari/537.36"
186.225.0.1 - - [21/May/2021:23:58:51 -0300] "GET /img/en/iconRelatedOff.gif HTTP/1.1" 304 0 "https://www.scielo.br/scielo.php?pid=S1516-84842007000300007&script=sci_abstract&tlng=es" "Mozilla/5.0 (Windows NT 10.0; Win64; x64) AppleWebKit/537.36 (KHTML, like Gecko) Chrome/90.0.4430.212 Safari/537.36"
186.225.0.1 - - [21/May/2021:23:58:51 -0300] "GET /img/en/iconRelatedGoogleOn.gif HTTP/1.1" 304 0 "https://www.scielo.br/scielo.php?pid=S1516-84842007000300007&script=sci_abstract&tlng=es" "Mozilla/5.0 (Windows NT 10.0; Win64; x64) AppleWebKit/537.36 (KHTML, like Gecko) Chrome/90.0.4430.212 Safari/537.36"
176.88.0.1 - - [21/May/2021:23:58:51 -0300] "GET /google_metrics/get_h5_m5.php?issn=0104-6632&callback=jsonp1621652375255 HTTP/1.1" 200 155 "https://www.scielo.br/scielo.php?pid=S0104-66322000000400005&script=sci_arttext" "Mozilla/5.0 (Windows NT 10.0; Win64; x64) AppleWebKit/537.36 (KHTML, like Gecko) Chrome/90.0.4430.212 Safari/537.36"
177.185.0.0 - - [21/May/2021:23:58:51 -0300] "GET /article.js HTTP/1.1" 200 8231 "https://www.scielo.br/scielo.php?script=sci_arttext&pid=S1679-39512005000100007" "Mozilla/5.0 (Linux; Android 9; SM-G9600) AppleWebKit/537.36 (KHTML, like Gecko) Chrome/90.0.4430.210 Mobile Safari/537.36"
174.249.0.1 - - [21/May/2021:23:58:51 -0300] "GET /img/en/iconPDFDocument.gif HTTP/1.1" 200 628 "https://www.scielo.br/scielo.php?script=sci_arttext&pid=S1806-37132018000200083" "Mozilla/5.0 (Linux; Android 11; SM-N981U) AppleWebKit/537.36 (KHTML, like Gecko) Chrome/87.0.4280.101 Mobile Safari/537.36"
138.97.0.1 - - [21/May/2021:23:58:51 -0300] "GET /img/en/fbpelogp.gif HTTP/1.1" 200 1353 "https://www.scielo.br/scielo.php?pid=S0100-40422017000700791&script=sci_arttext&tlng=pt" "Mozilla/5.0 (Windows NT 10.0; Win64; x64) AppleWebKit/537.36 (KHTML, like Gecko) Chrome/90.0.4430.212 Safari/537.36"
138.97.0.1 - - [21/May/2021:23:58:51 -0300] "GET /img/en/grp1c.gif HTTP/1.1" 200 181 "https://www.scielo.br/scielo.php?pid=S0100-40422017000700791&script=sci_arttext&tlng=pt" "Mozilla/5.0 (Windows NT 10.0; Win64; x64) AppleWebKit/537.36 (KHTML, like Gecko) Chrome/90.0.4430.212 Safari/537.36"
138.97.0.1 - - [21/May/2021:23:58:51 -0300] "GET /img/en/artsrc.gif HTTP/1.1" 200 239 "https://www.scielo.br/scielo.php?pid=S0100-40422017000700791&script=sci_arttext&tlng=pt" "Mozilla/5.0 (Windows NT 10.0; Win64; x64) AppleWebKit/537.36 (KHTML, like Gecko) Chrome/90.0.4430.212 Safari/537.36"
138.97.0.1 - - [21/May/2021:23:58:51 -0300] "GET /img/en/toc.gif HTTP/1.1" 200 164 "https://www.scielo.br/scielo.php?pid=S0100-40422017000700791&script=sci_arttext&tlng=pt" "Mozilla/5.0 (Windows NT 10.0; Win64; x64) AppleWebKit/537.36 (KHTML, like Gecko) Chrome/90.0.4430.212 Safari/537.36"
186.225.0.1 - - [21/May/2021:23:58:51 -0300] "GET /img/common/iconPermalink.gif HTTP/1.1" 304 0 "https://www.scielo.br/scielo.php?pid=S1516-84842007000300007&script=sci_abstract&tlng=es" "Mozilla/5.0 (Windows NT 10.0; Win64; x64) AppleWebKit/537.36 (KHTML, like Gecko) Chrome/90.0.4430.212 Safari/537.36"
186.225.0.1 - - [21/May/2021:23:58:51 -0300] "GET /img/common/icon-close.png HTTP/1.1" 304 0 "https://www.scielo.br/scielo.php?pid=S1516-84842007000300007&script=sci_abstract&tlng=es" "Mozilla/5.0 (Windows NT 10.0; Win64; x64) AppleWebKit/537.36 (KHTML, like Gecko) Chrome/90.0.4430.212 Safari/537.36"
186.225.0.1 - - [21/May/2021:23:58:51 -0300] "GET /img/en/e-mailt.gif HTTP/1.1" 304 0 "https://www.scielo.br/scielo.php?pid=S1516-84842007000300007&script=sci_abstract&tlng=es" "Mozilla/5.0 (Windows NT 10.0; Win64; x64) AppleWebKit/537.36 (KHTML, like Gecko) Chrome/90.0.4430.212 Safari/537.36"
176.88.0.1 - - [21/May/2021:23:58:51 -0300] "GET /img/expandd2.png HTTP/1.1" 200 1487 "https://www.scielo.br/scielo.php?pid=S0104-66322000000400005&script=sci_arttext" "Mozilla/5.0 (Windows NT 10.0; Win64; x64) AppleWebKit/537.36 (KHTML, like Gecko) Chrome/90.0.4430.212 Safari/537.36"
138.97.0.1 - - [21/May/2021:23:58:51 -0300] "GET /img/en/prev.gif HTTP/1.1" 200 244 "https://www.scielo.br/scielo.php?pid=S0100-40422017000700791&script=sci_arttext&tlng=pt" "Mozilla/5.0 (Windows NT 10.0; Win64; x64) AppleWebKit/537.36 (KHTML, like Gecko) Chrome/90.0.4430.212 Safari/537.36"
176.88.0.1 - - [21/May/2021:23:58:51 -0300] "GET /img/collapsed2.png HTTP/1.1" 200 339 "https://www.scielo.br/scielo.php?pid=S0104-66322000000400005&script=sci_arttext" "Mozilla/5.0 (Windows NT 10.0; Win64; x64) AppleWebKit/537.36 (KHTML, like Gecko) Chrome/90.0.4430.212 Safari/537.36"
138.97.0.1 - - [21/May/2021:23:58:51 -0300] "GET /img/en/next.gif HTTP/1.1" 200 193 "https://www.scielo.br/scielo.php?pid=S0100-40422017000700791&script=sci_arttext&tlng=pt" "Mozilla/5.0 (Windows NT 10.0; Win64; x64) AppleWebKit/537.36 (KHTML, like Gecko) Chrome/90.0.4430.212 Safari/537.36"
191.240.0.2 - - [21/May/2021:23:58:51 -0300] "GET /xsl/plus/static/css/bootstrap.min.css HTTP/1.1" 200 106092 "https://www.scielo.br/scielo.php?pid=S1415-65552014000600874&script=sci_arttext_plus&tlng=pt" "Mozilla/5.0 (Linux; Android 8.1.0; SM-J260MU) AppleWebKit/537.36 (KHTML, like Gecko) Chrome/90.0.4430.210 Mobile Safari/537.36"
174.249.0.1 - - [21/May/2021:23:58:51 -0300] "GET /img/en/subject.gif HTTP/1.1" 200 229 "https://www.scielo.br/scielo.php?script=sci_arttext&pid=S1806-37132018000200083" "Mozilla/5.0 (Linux; Android 11; SM-N981U) AppleWebKit/537.36 (KHTML, like Gecko) Chrome/87.0.4280.101 Mobile Safari/537.36"
174.249.0.1 - - [21/May/2021:23:58:51 -0300] "GET /img/fulltxt.gif HTTP/1.1" 200 643 "https://www.scielo.br/scielo.php?script=sci_arttext&pid=S1806-37132018000200083" "Mozilla/5.0 (Linux; Android 11; SM-N981U) AppleWebKit/537.36 (KHTML, like Gecko) Chrome/87.0.4280.101 Mobile Safari/537.36"
174.249.0.1 - - [21/May/2021:23:58:51 -0300] "GET /img/en/iconCitedOff.gif HTTP/1.1" 200 288 "https://www.scielo.br/scielo.php?script=sci_arttext&pid=S1806-37132018000200083" "Mozilla/5.0 (Linux; Android 11; SM-N981U) AppleWebKit/537.36 (KHTML, like Gecko) Chrome/87.0.4280.101 Mobile Safari/537.36"
174.249.0.1 - - [21/May/2021:23:58:51 -0300] "GET /img/en/iconStatistics.gif HTTP/1.1" 200 1052 "https://www.scielo.br/scielo.php?script=sci_arttext&pid=S1806-37132018000200083" "Mozilla/5.0 (Linux; Android 11; SM-N981U) AppleWebKit/537.36 (KHTML, like Gecko) Chrome/87.0.4280.101 Mobile Safari/537.36"
174.249.0.1 - - [21/May/2021:23:58:51 -0300] "GET /img/en/lattescv-button.gif HTTP/1.1" 200 1041 "https://www.scielo.br/scielo.php?script=sci_arttext&pid=S1806-37132018000200083" "Mozilla/5.0 (Linux; Android 11; SM-N981U) AppleWebKit/537.36 (KHTML, like Gecko) Chrome/87.0.4280.101 Mobile Safari/537.36"
177.185.0.0 - - [21/May/2021:23:58:51 -0300] "GET /img/en/fbpelogp.gif HTTP/1.1" 200 1353 "https://www.scielo.br/scielo.php?script=sci_arttext&pid=S1679-39512005000100007" "Mozilla/5.0 (Linux; Android 9; SM-G9600) AppleWebKit/537.36 (KHTML, like Gecko) Chrome/90.0.4430.210 Mobile Safari/537.36"
177.185.0.0 - - [21/May/2021:23:58:51 -0300] "GET /img/en/toc.gif HTTP/1.1" 200 164 "https://www.scielo.br/scielo.php?script=sci_arttext&pid=S1679-39512005000100007" "Mozilla/5.0 (Linux; Android 9; SM-G9600) AppleWebKit/537.36 (KHTML, like Gecko) Chrome/90.0.4430.210 Mobile Safari/537.36"
177.185.0.0 - - [21/May/2021:23:58:51 -0300] "GET /img/en/grp1c.gif HTTP/1.1" 200 181 "https://www.scielo.br/scielo.php?script=sci_arttext&pid=S1679-39512005000100007" "Mozilla/5.0 (Linux; Android 9; SM-G9600) AppleWebKit/537.36 (KHTML, like Gecko) Chrome/90.0.4430.210 Mobile Safari/537.36"
177.185.0.0 - - [21/May/2021:23:58:51 -0300] "GET /img/en/artsrc.gif HTTP/1.1" 200 239 "https://www.scielo.br/scielo.php?script=sci_arttext&pid=S1679-39512005000100007" "Mozilla/5.0 (Linux; Android 9; SM-G9600) AppleWebKit/537.36 (KHTML, like Gecko) Chrome/90.0.4430.210 Mobile Safari/537.36"
177.185.0.0 - - [21/May/2021:23:58:51 -0300] "GET /img/en/next.gif HTTP/1.1" 200 193 "https://www.scielo.br/scielo.php?script=sci_arttext&pid=S1679-39512005000100007" "Mozilla/5.0 (Linux; Android 9; SM-G9600) AppleWebKit/537.36 (KHTML, like Gecko) Chrome/90.0.4430.210 Mobile Safari/537.36"
177.185.0.0 - - [21/May/2021:23:58:51 -0300] "GET /img/en/prev.gif HTTP/1.1" 200 244 "https://www.scielo.br/scielo.php?script=sci_arttext&pid=S1679-39512005000100007" "Mozilla/5.0 (Linux; Android 9; SM-G9600) AppleWebKit/537.36 (KHTML, like Gecko) Chrome/90.0.4430.210 Mobile Safari/537.36"
190.232.0.1 - - [21/May/2021:23:58:51 -0300] "GET /img/en/iconCitedOff.gif HTTP/1.1" 200 288 "http://www.scielo.br/scielo.php?script=sci_arttext&pid=S1809-29502015000300246&lang=es" "Mozilla/5.0 (Windows NT 10.0; WOW64) AppleWebKit/537.36 (KHTML, like Gecko) Chrome/88.0.4324.190 Safari/537.36"
190.232.0.1 - - [21/May/2021:23:58:51 -0300] "GET /img/en/iconPDFDocument.gif HTTP/1.1" 200 628 "http://www.scielo.br/scielo.php?script=sci_arttext&pid=S1809-29502015000300246&lang=es" "Mozilla/5.0 (Windows NT 10.0; WOW64) AppleWebKit/537.36 (KHTML, like Gecko) Chrome/88.0.4324.190 Safari/537.36"
176.88.0.1 - - [21/May/2021:23:58:51 -0300] "GET /img/en/toc.gif HTTP/1.1" 200 164 "https://www.scielo.br/scielo.php?pid=S0104-66322000000400005&script=sci_arttext" "Mozilla/5.0 (Windows NT 10.0; Win64; x64) AppleWebKit/537.36 (KHTML, like Gecko) Chrome/90.0.4430.212 Safari/537.36"
176.88.0.1 - - [21/May/2021:23:58:51 -0300] "GET /img/en/prev.gif HTTP/1.1" 200 244 "https://www.scielo.br/scielo.php?pid=S0104-66322000000400005&script=sci_arttext" "Mozilla/5.0 (Windows NT 10.0; Win64; x64) AppleWebKit/537.36 (KHTML, like Gecko) Chrome/90.0.4430.212 Safari/537.36"
201.182.0.1 - - [21/May/2021:23:58:51 -0300] "GET /scielo.php?pid=S1414-81452019000200211&script=sci_arttext&tlng=pt HTTP/1.1" 200 27425 "https://www.google.com/" "Mozilla/5.0 (Windows NT 6.1) AppleWebKit/537.36 (KHTML, like Gecko) Chrome/90.0.4430.212 Safari/537.36"
176.88.0.1 - - [21/May/2021:23:58:51 -0300] "GET /img/common/icon-close.png HTTP/1.1" 200 3091 "https://www.scielo.br/scielo.php?pid=S0104-66322000000400005&script=sci_arttext" "Mozilla/5.0 (Windows NT 10.0; Win64; x64) AppleWebKit/537.36 (KHTML, like Gecko) Chrome/90.0.4430.212 Safari/537.36"
177.185.0.0 - - [21/May/2021:23:58:51 -0300] "GET /img/en/subject.gif HTTP/1.1" 200 229 "https://www.scielo.br/scielo.php?script=sci_arttext&pid=S1679-39512005000100007" "Mozilla/5.0 (Linux; Android 9; SM-G9600) AppleWebKit/537.36 (KHTML, like Gecko) Chrome/90.0.4430.210 Mobile Safari/537.36"
177.185.0.0 - - [21/May/2021:23:58:51 -0300] "GET /img/en/iconStatistics.gif HTTP/1.1" 200 1052 "https://www.scielo.br/scielo.php?script=sci_arttext&pid=S1679-39512005000100007" "Mozilla/5.0 (Linux; Android 9; SM-G9600) AppleWebKit/537.36 (KHTML, like Gecko) Chrome/90.0.4430.210 Mobile Safari/537.36"
177.185.0.0 - - [21/May/2021:23:58:51 -0300] "GET /img/en/home.gif HTTP/1.1" 200 190 "https://www.scielo.br/scielo.php?script=sci_arttext&pid=S1679-39512005000100007" "Mozilla/5.0 (Linux; Android 9; SM-G9600) AppleWebKit/537.36 (KHTML, like Gecko) Chrome/90.0.4430.210 Mobile Safari/537.36"
177.185.0.0 - - [21/May/2021:23:58:51 -0300] "GET /img/en/search.gif HTTP/1.1" 200 210 "https://www.scielo.br/scielo.php?script=sci_arttext&pid=S1679-39512005000100007" "Mozilla/5.0 (Linux; Android 9; SM-G9600) AppleWebKit/537.36 (KHTML, like Gecko) Chrome/90.0.4430.210 Mobile Safari/537.36"
177.185.0.0 - - [21/May/2021:23:58:51 -0300] "GET /img/en/author.gif HTTP/1.1" 200 219 "https://www.scielo.br/scielo.php?script=sci_arttext&pid=S1679-39512005000100007" "Mozilla/5.0 (Linux; Android 9; SM-G9600) AppleWebKit/537.36 (KHTML, like Gecko) Chrome/90.0.4430.210 Mobile Safari/537.36"
177.185.0.0 - - [21/May/2021:23:58:51 -0300] "GET /img/en/alpha.gif HTTP/1.1" 200 220 "https://www.scielo.br/scielo.php?script=sci_arttext&pid=S1679-39512005000100007" "Mozilla/5.0 (Linux; Android 9; SM-G9600) AppleWebKit/537.36 (KHTML, like Gecko) Chrome/90.0.4430.210 Mobile Safari/537.36"
177.52.0.1 - - [21/May/2021:23:58:51 -0300] "GET /img/collapsed2.png HTTP/1.1" 200 339 "https://www.scielo.br/scielo.php?pid=S1517-97022004000100004&script=sci_arttext&tlng=pt" "Mozilla/5.0 (Windows NT 10.0; Win64; x64) AppleWebKit/537.36 (KHTML, like Gecko) Chrome/90.0.4430.212 Safari/537.36"
177.52.0.1 - - [21/May/2021:23:58:51 -0300] "GET /img/expandd2.png HTTP/1.1" 200 1487 "https://www.scielo.br/scielo.php?pid=S1517-97022004000100004&script=sci_arttext&tlng=pt" "Mozilla/5.0 (Windows NT 10.0; Win64; x64) AppleWebKit/537.36 (KHTML, like Gecko) Chrome/90.0.4430.212 Safari/537.36"
191.240.0.2 - - [21/May/2021:23:58:51 -0300] "GET /xsl/plus/static/js/jquery.1.9.1.min.js HTTP/1.1" 200 92630 "https://www.scielo.br/scielo.php?pid=S1415-65552014000600874&script=sci_arttext_plus&tlng=pt" "Mozilla/5.0 (Linux; Android 8.1.0; SM-J260MU) AppleWebKit/537.36 (KHTML, like Gecko) Chrome/90.0.4430.210 Mobile Safari/537.36"
190.232.0.1 - - [21/May/2021:23:58:51 -0300] "GET /img/en/fulltxt.gif HTTP/1.1" 200 643 "http://www.scielo.br/scielo.php?script=sci_arttext&pid=S1809-29502015000300246&lang=es" "Mozilla/5.0 (Windows NT 10.0; WOW64) AppleWebKit/537.36 (KHTML, like Gecko) Chrome/88.0.4324.190 Safari/537.36"
138.97.0.1 - - [21/May/2021:23:58:51 -0300] "GET /img/en/author.gif HTTP/1.1" 200 219 "https://www.scielo.br/scielo.php?pid=S0100-40422017000700791&script=sci_arttext&tlng=pt" "Mozilla/5.0 (Windows NT 10.0; Win64; x64) AppleWebKit/537.36 (KHTML, like Gecko) Chrome/90.0.4430.212 Safari/537.36"
138.97.0.1 - - [21/May/2021:23:58:51 -0300] "GET /img/en/subject.gif HTTP/1.1" 200 229 "https://www.scielo.br/scielo.php?pid=S0100-40422017000700791&script=sci_arttext&tlng=pt" "Mozilla/5.0 (Windows NT 10.0; Win64; x64) AppleWebKit/537.36 (KHTML, like Gecko) Chrome/90.0.4430.212 Safari/537.36"
190.232.0.1 - - [21/May/2021:23:58:51 -0300] "GET /img/en/iconXMLDocument.gif HTTP/1.1" 200 652 "http://www.scielo.br/scielo.php?script=sci_arttext&pid=S1809-29502015000300246&lang=es" "Mozilla/5.0 (Windows NT 10.0; WOW64) AppleWebKit/537.36 (KHTML, like Gecko) Chrome/88.0.4324.190 Safari/537.36"
138.97.0.1 - - [21/May/2021:23:58:51 -0300] "GET /img/en/search.gif HTTP/1.1" 200 210 "https://www.scielo.br/scielo.php?pid=S0100-40422017000700791&script=sci_arttext&tlng=pt" "Mozilla/5.0 (Windows NT 10.0; Win64; x64) AppleWebKit/537.36 (KHTML, like Gecko) Chrome/90.0.4430.212 Safari/537.36"
138.97.0.1 - - [21/May/2021:23:58:51 -0300] "GET /img/en/home.gif HTTP/1.1" 200 190 "https://www.scielo.br/scielo.php?pid=S0100-40422017000700791&script=sci_arttext&tlng=pt" "Mozilla/5.0 (Windows NT 10.0; Win64; x64) AppleWebKit/537.36 (KHTML, like Gecko) Chrome/90.0.4430.212 Safari/537.36"
138.97.0.1 - - [21/May/2021:23:58:51 -0300] "GET /img/en/alpha.gif HTTP/1.1" 200 220 "https://www.scielo.br/scielo.php?pid=S0100-40422017000700791&script=sci_arttext&tlng=pt" "Mozilla/5.0 (Windows NT 10.0; Win64; x64) AppleWebKit/537.36 (KHTML, like Gecko) Chrome/90.0.4430.212 Safari/537.36"
138.97.0.1 - - [21/May/2021:23:58:51 -0300] "GET /img/en/iconStatistics.gif HTTP/1.1" 200 1052 "https://www.scielo.br/scielo.php?pid=S0100-40422017000700791&script=sci_arttext&tlng=pt" "Mozilla/5.0 (Windows NT 10.0; Win64; x64) AppleWebKit/537.36 (KHTML, like Gecko) Chrome/90.0.4430.212 Safari/537.36"
190.232.0.1 - - [21/May/2021:23:58:51 -0300] "GET /img/fulltxt.gif HTTP/1.1" 200 643 "http://www.scielo.br/scielo.php?script=sci_arttext&pid=S1809-29502015000300246&lang=es" "Mozilla/5.0 (Windows NT 10.0; WOW64) AppleWebKit/537.36 (KHTML, like Gecko) Chrome/88.0.4324.190 Safari/537.36"
177.52.0.1 - - [21/May/2021:23:58:51 -0300] "GET /google_metrics/get_h5_m5.php?issn=1517-9702&callback=jsonp1621652390876 HTTP/1.1" 200 155 "https://www.scielo.br/scielo.php?pid=S1517-97022004000100004&script=sci_arttext&tlng=pt" "Mozilla/5.0 (Windows NT 10.0; Win64; x64) AppleWebKit/537.36 (KHTML, like Gecko) Chrome/90.0.4430.212 Safari/537.36"
177.185.0.0 - - [21/May/2021:23:58:51 -0300] "GET /img/en/iconPDFDocument.gif HTTP/1.1" 200 628 "https://www.scielo.br/scielo.php?script=sci_arttext&pid=S1679-39512005000100007" "Mozilla/5.0 (Linux; Android 9; SM-G9600) AppleWebKit/537.36 (KHTML, like Gecko) Chrome/90.0.4430.210 Mobile Safari/537.36"
177.185.0.0 - - [21/May/2021:23:58:51 -0300] "GET /img/en/iconXMLDocument.gif HTTP/1.1" 200 652 "https://www.scielo.br/scielo.php?script=sci_arttext&pid=S1679-39512005000100007" "Mozilla/5.0 (Linux; Android 9; SM-G9600) AppleWebKit/537.36 (KHTML, like Gecko) Chrome/90.0.4430.210 Mobile Safari/537.36"
