177.185.0.0 - - [21/May/2021:23:58:51 -0300] "GET /img/en/fulltxt.gif HTTP/1.1" 200 643 "https://www.scielo.br/scielo.php?script=sci_arttext&pid=S1679-39512005000100007" "Mozilla/5.0 (Linux; Android 9; SM-G9600) AppleWebKit/537.36 (KHTML, like Gecko) Chrome/90.0.4430.210 Mobile Safari/537.36"
190.232.0.1 - - [21/May/2021:23:58:51 -0300] "GET /img/en/iconTranslation.gif HTTP/1.1" 200 578 "http://www.scielo.br/scielo.php?script=sci_arttext&pid=S1809-29502015000300246&lang=es" "Mozilla/5.0 (Windows NT 10.0; WOW64) AppleWebKit/537.36 (KHTML, like Gecko) Chrome/88.0.4324.190 Safari/537.36"
177.185.0.0 - - [21/May/2021:23:58:51 -0300] "GET /img/en/iconCitedOff.gif HTTP/1.1" 200 288 "https://www.scielo.br/scielo.php?script=sci_arttext&pid=S1679-39512005000100007" "Mozilla/5.0 (Linux; Android 9; SM-G9600) AppleWebKit/537.36 (KHTML, like Gecko) Chrome/90.0.4430.210 Mobile Safari/537.36"
177.185.0.0 - - [21/May/2021:23:58:51 -0300] "GET /img/en/iconTranslation.gif HTTP/1.1" 200 578 "https://www.scielo.br/scielo.php?script=sci_arttext&pid=S1679-39512005000100007" "Mozilla/5.0 (Linux; Android 9; SM-G9600) AppleWebKit/537.36 (KHTML, like Gecko) Chrome/90.0.4430.210 Mobile Safari/537.36"
177.185.0.0 - - [21/May/2021:23:58:51 -0300] "GET /img/en/lattescv-button.gif HTTP/1.1" 200 1041 "https://www.scielo.br/scielo.php?script=sci_arttext&pid=S1679-39512005000100007" "Mozilla/5.0 (Linux; Android 9; SM-G9600) AppleWebKit/537.36 (KHTML, like Gecko) Chrome/90.0.4430.210 Mobile Safari/537.36"
186.225.0.1 - - [21/May/2021:23:58:51 -0300] "GET /img/collapsed2.png HTTP/1.1" 304 0 "https://www.scielo.br/scielo.php?pid=S1516-84842007000300007&script=sci_abstract&tlng=es" "Mozilla/5.0 (Windows NT 10.0; Win64; x64) AppleWebKit/537.36 (KHTML, like Gecko) Chrome/90.0.4430.212 Safari/537.36"
201.182.0.1 - - [21/May/2021:23:58:51 -0300] "GET /css/screen.css HTTP/1.1" 200 89 "https://www.scielo.br/scielo.php?pid=S1414-81452019000200211&script=sci_arttext&tlng=pt" "Mozilla/5.0 (Windows NT 6.1) AppleWebKit/537.36 (KHTML, like Gecko) Chrome/90.0.4430.212 Safari/537.36"
186.225.0.1 - - [21/May/2021:23:58:51 -0300] "GET /img/expandd2.png HTTP/1.1" 304 0 "https://www.scielo.br/scielo.php?pid=S1516-84842007000300007&script=sci_abstract&tlng=es" "Mozilla/5.0 (Windows NT 10.0; Win64; x64) AppleWebKit/537.36 (KHTML, like Gecko) Chrome/90.0.4430.212 Safari/537.36"
174.249.0.1 - - [21/May/2021:23:58:51 -0300] "GET /img/en/alpha.gif HTTP/1.1" 200 220 "https://www.scielo.br/scielo.php?script=sci_arttext&pid=S1806-37132018000200083" "Mozilla/5.0 (Linux; Android 11; SM-N981U) AppleWebKit/537.36 (KHTML, like Gecko) Chrome/87.0.4280.101 Mobile Safari/537.36"
191.240.0.2 - - [21/May/2021:23:58:51 -0300] "GET /xsl/plus/static/js/bootstrap.min.js HTTP/1.1" 200 28538 "https://www.scielo.br/scielo.php?pid=S1415-65552014000600874&script=sci_arttext_plus&tlng=pt" "Mozilla/5.0 (Linux; Android 8.1.0; SM-J260MU) AppleWebKit/537.36 (KHTML, like Gecko) Chrome/90.0.4430.210 Mobile Safari/537.36"
186.225.0.1 - - [21/May/2021:23:58:51 -0300] "GET /google_metrics/get_h5_m5.php?issn=1516-8484&callback=jsonp1621652389467 HTTP/1.1" 200 155 "https://www.scielo.br/scielo.php?pid=S1516-84842007000300007&script=sci_abstract&tlng=es" "Mozilla/5.0 (Windows NT 10.0; Win64; x64) AppleWebKit/537.36 (KHTML, like Gecko) Chrome/90.0.4430.212 Safari/537.36"
177.185.0.0 - - [21/May/2021:23:58:51 -0300] "GET /img/en/iconCitedGoogleOn.gif HTTP/1.1" 200 641 "https://www.scielo.br/scielo.php?script=sci_arttext&pid=S1679-39512005000100007" "Mozilla/5.0 (Linux; Android 9; SM-G9600) AppleWebKit/537.36 (KHTML, like Gecko) Chrome/90.0.4430.210 Mobile Safari/537.36"
177.185.0.0 - - [21/May/2021:23:58:51 -0300] "GET /img/en/iconRelatedGoogleOn.gif HTTP/1.1" 200 625 "https://www.scielo.br/scielo.php?script=sci_arttext&pid=S1679-39512005000100007" "Mozilla/5.0 (Linux; Android 9; SM-G9600) AppleWebKit/537.36 (KHTML, like Gecko) Chrome/90.0.4430.210 Mobile Safari/537.36"
177.185.0.0 - - [21/May/2021:23:58:51 -0300] "GET /img/en/iconRelatedOff.gif HTTP/1.1" 200 262 "https://www.scielo.br/scielo.php?script=sci_arttext&pid=S1679-39512005000100007" "Mozilla/5.0 (Linux; Android 9; SM-G9600) AppleWebKit/537.36 (KHTML, like Gecko) Chrome/90.0.4430.210 Mobile Safari/537.36"
138.97.0.1 - - [21/May/2021:23:58:51 -0300] "GET /img/fulltxt.gif HTTP/1.1" 200 643 "https://www.scielo.br/scielo.php?pid=S0100-40422017000700791&script=sci_arttext&tlng=pt" "Mozilla/5.0 (Windows NT 10.0; Win64; x64) AppleWebKit/537.36 (KHTML, like Gecko) Chrome/90.0.4430.212 Safari/537.36"
138.97.0.1 - - [21/May/2021:23:58:51 -0300] "GET /img/en/iconXMLDocument.gif HTTP/1.1" 200 652 "https://www.scielo.br/scielo.php?pid=S0100-40422017000700791&script=sci_arttext&tlng=pt" "Mozilla/5.0 (Windows NT 10.0; Win64; x64) AppleWebKit/537.36 (KHTML, like Gecko) Chrome/90.0.4430.212 Safari/537.36"
138.97.0.1 - - [21/May/2021:23:58:51 -0300] "GET /img/en/iconPDFDocument.gif HTTP/1.1" 200 628 "https://www.scielo.br/scielo.php?pid=S0100-40422017000700791&script=sci_arttext&tlng=pt" "Mozilla/5.0 (Windows NT 10.0; Win64; x64) AppleWebKit/537.36 (KHTML, like Gecko) Chrome/90.0.4430.212 Safari/537.36"
201.182.0.1 - - [21/May/2021:23:58:51 -0300] "GET /xsl/pmc/v3.0/xml.css HTTP/1.1" 200 5766 "https://www.scielo.br/scielo.php?pid=S1414-81452019000200211&script=sci_arttext&tlng=pt" "Mozilla/5.0 (Windows NT 6.1) AppleWebKit/537.36 (KHTML, like Gecko) Chrome/90.0.4430.212 Safari/537.36"
138.97.0.1 - - [21/May/2021:23:58:51 -0300] "GET /img/en/fulltxt.gif HTTP/1.1" 200 643 "https://www.scielo.br/scielo.php?pid=S0100-40422017000700791&script=sci_arttext&tlng=pt" "Mozilla/5.0 (Windows NT 10.0; Win64; x64) AppleWebKit/537.36 (KHTML, like Gecko) Chrome/90.0.4430.212 Safari/537.36"
138.97.0.1 - - [21/May/2021:23:58:51 -0300] "GET /img/en/lattescv-button.gif HTTP/1.1" 200 1041 "https://www.scielo.br/scielo.php?pid=S0100-40422017000700791&script=sci_arttext&tlng=pt" "Mozilla/5.0 (Windows NT 10.0; Win64; x64) AppleWebKit/537.36 (KHTML, like Gecko) Chrome/90.0.4430.212 Safari/537.36"
138.97.0.1 - - [21/May/2021:23:58:51 -0300] "GET /img/en/iconTranslation.gif HTTP/1.1" 200 578 "https://www.scielo.br/scielo.php?pid=S0100-40422017000700791&script=sci_arttext&tlng=pt" "Mozilla/5.0 (Windows NT 10.0; Win64; x64) AppleWebKit/537.36 (KHTML, like Gecko) Chrome/90.0.4430.212 Safari/537.36"
176.88.0.1 - - [21/May/2021:23:58:51 -0300] "GET /img/fbpe/bjce/v17n4-7/a4f1.gif HTTP/1.1" 200 9521 "https://www.scielo.br/scielo.php?pid=S0104-66322000000400005&script=sci_arttext" "Mozilla/5.0 (Windows NT 10.0; Win64; x64) AppleWebKit/537.36 (KHTML, like Gecko) Chrome/90.0.4430.212 Safari/537.36"
177.185.0.0 - - [21/May/2021:23:58:51 -0300] "GET /img/common/iconPermalink.gif HTTP/1.1" 200 382 "https://www.scielo.br/scielo.php?script=sci_arttext&pid=S1679-39512005000100007" "Mozilla/5.0 (Linux; Android 9; SM-G9600) AppleWebKit/537.36 (KHTML, like Gecko) Chrome/90.0.4430.210 Mobile Safari/537.36"
177.185.0.0 - - [21/May/2021:23:58:51 -0300] "GET /img/common/icon-close.png HTTP/1.1" 200 3091 "https://www.scielo.br/scielo.php?script=sci_arttext&pid=S1679-39512005000100007" "Mozilla/5.0 (Linux; Android 9; SM-G9600) AppleWebKit/537.36 (KHTML, like Gecko) Chrome/90.0.4430.210 Mobile Safari/537.36"
138.97.0.1 - - [21/May/2021:23:58:51 -0300] "GET /img/en/iconCitedOff.gif HTTP/1.1" 200 288 "https://www.scielo.br/scielo.php?pid=S0100-40422017000700791&script=sci_arttext&tlng=pt" "Mozilla/5.0 (Windows NT 10.0; Win64; x64) AppleWebKit/537.36 (KHTML, like Gecko) Chrome/90.0.4430.212 Safari/537.36"
201.182.0.1 - - [21/May/2021:23:58:51 -0300] "GET /css/screen/general.css HTTP/1.1" 200 133 "https://www.scielo.br/css/screen.css" "Mozilla/5.0 (Windows NT 6.1) AppleWebKit/537.36 (KHTML, like Gecko) Chrome/90.0.4430.212 Safari/537.36"
201.182.0.1 - - [21/May/2021:23:58:51 -0300] "GET /article.js HTTP/1.1" 200 8231 "https://www.scielo.br/scielo.php?pid=S1414-81452019000200211&script=sci_arttext&tlng=pt" "Mozilla/5.0 (Windows NT 6.1) AppleWebKit/537.36 (KHTML, like Gecko) Chrome/90.0.4430.212 Safari/537.36"
54.241.0.1 - - [21/May/2021:23:58:51 -0300] "GET / HTTP/1.1" 200 2935 "-" "Amazon-Route53-Health-Check-Service (ref 1261cdc1-a132-45b2-8c26-5de713c689cb; report http://amzn.to/1vsZADi)"
191.240.0.2 - - [21/May/2021:23:58:51 -0300] "GET /xsl/plus/static/js/scielo-article.js HTTP/1.1" 200 4329 "https://www.scielo.br/scielo.php?pid=S1415-65552014000600874&script=sci_arttext_plus&tlng=pt" "Mozilla/5.0 (Linux; Android 8.1.0; SM-J260MU) AppleWebKit/537.36 (KHTML, like Gecko) Chrome/90.0.4430.210 Mobile Safari/537.36"
138.97.0.1 - - [21/May/2021:23:58:51 -0300] "GET /img/en/iconRelatedOff.gif HTTP/1.1" 200 262 "https://www.scielo.br/scielo.php?pid=S0100-40422017000700791&script=sci_arttext&tlng=pt" "Mozilla/5.0 (Windows NT 10.0; Win64; x64) AppleWebKit/537.36 (KHTML, like Gecko) Chrome/90.0.4430.212 Safari/537.36"
138.97.0.1 - - [21/May/2021:23:58:51 -0300] "GET /img/en/iconCitedGoogleOn.gif HTTP/1.1" 200 641 "https://www.scielo.br/scielo.php?pid=S0100-40422017000700791&script=sci_arttext&tlng=pt" "Mozilla/5.0 (Windows NT 10.0; Win64; x64) AppleWebKit/537.36 (KHTML, like Gecko) Chrome/90.0.4430.212 Safari/537.36"
